13:20:01 **** Incremental Build of configuration Default for project nucleo303 ****
make all 
arm-none-eabi-gcc -c -mcpu=cortex-m4 -mthumb -mfpu=fpv4-sp-d16 -mfloat-abi=hard -DUSE_HAL_DRIVER -DSTM32F303x8 -IInc -IDrivers/STM32F3xx_HAL_Driver/Inc -IDrivers/STM32F3xx_HAL_Driver/Inc/Legacy -IDrivers/CMSIS/Device/ST/STM32F3xx/Include -IDrivers/CMSIS/Include -O0 -Wall -fdata-sections -ffunction-sections  --specs=rdimon.specs   -g -gdwarf-2 -MMD -MP -MF"build/main.d" -Wa,-a,-ad,-alms=build/main.lst Src/main.c -o build/main.o
arm-none-eabi-gcc -c -mcpu=cortex-m4 -mthumb -mfpu=fpv4-sp-d16 -mfloat-abi=hard -DUSE_HAL_DRIVER -DSTM32F303x8 -IInc -IDrivers/STM32F3xx_HAL_Driver/Inc -IDrivers/STM32F3xx_HAL_Driver/Inc/Legacy -IDrivers/CMSIS/Device/ST/STM32F3xx/Include -IDrivers/CMSIS/Include -O0 -Wall -fdata-sections -ffunction-sections  --specs=rdimon.specs   -g -gdwarf-2 -MMD -MP -MF"build/stm32f3xx_it.d" -Wa,-a,-ad,-alms=build/stm32f3xx_it.lst Src/stm32f3xx_it.c -o build/stm32f3xx_it.o
arm-none-eabi-gcc -c -mcpu=cortex-m4 -mthumb -mfpu=fpv4-sp-d16 -mfloat-abi=hard -DUSE_HAL_DRIVER -DSTM32F303x8 -IInc -IDrivers/STM32F3xx_HAL_Driver/Inc -IDrivers/STM32F3xx_HAL_Driver/Inc/Legacy -IDrivers/CMSIS/Device/ST/STM32F3xx/Include -IDrivers/CMSIS/Include -O0 -Wall -fdata-sections -ffunction-sections  --specs=rdimon.specs   -g -gdwarf-2 -MMD -MP -MF"build/stm32f3xx_hal_msp.d" -Wa,-a,-ad,-alms=build/stm32f3xx_hal_msp.lst Src/stm32f3xx_hal_msp.c -o build/stm32f3xx_hal_msp.o
arm-none-eabi-gcc -c -mcpu=cortex-m4 -mthumb -mfpu=fpv4-sp-d16 -mfloat-abi=hard -DUSE_HAL_DRIVER -DSTM32F303x8 -IInc -IDrivers/STM32F3xx_HAL_Driver/Inc -IDrivers/STM32F3xx_HAL_Driver/Inc/Legacy -IDrivers/CMSIS/Device/ST/STM32F3xx/Include -IDrivers/CMSIS/Include -O0 -Wall -fdata-sections -ffunction-sections  --specs=rdimon.specs   -g -gdwarf-2 -MMD -MP -MF"build/stm32f3xx_hal_tim.d" -Wa,-a,-ad,-alms=build/stm32f3xx_hal_tim.lst Drivers/STM32F3xx_HAL_Driver/Src/stm32f3xx_hal_tim.c -o build/stm32f3xx_hal_tim.o
arm-none-eabi-gcc -c -mcpu=cortex-m4 -mthumb -mfpu=fpv4-sp-d16 -mfloat-abi=hard -DUSE_HAL_DRIVER -DSTM32F303x8 -IInc -IDrivers/STM32F3xx_HAL_Driver/Inc -IDrivers/STM32F3xx_HAL_Driver/Inc/Legacy -IDrivers/CMSIS/Device/ST/STM32F3xx/Include -IDrivers/CMSIS/Include -O0 -Wall -fdata-sections -ffunction-sections  --specs=rdimon.specs   -g -gdwarf-2 -MMD -MP -MF"build/stm32f3xx_hal_tim_ex.d" -Wa,-a,-ad,-alms=build/stm32f3xx_hal_tim_ex.lst Drivers/STM32F3xx_HAL_Driver/Src/stm32f3xx_hal_tim_ex.c -o build/stm32f3xx_hal_tim_ex.o
arm-none-eabi-gcc -c -mcpu=cortex-m4 -mthumb -mfpu=fpv4-sp-d16 -mfloat-abi=hard -DUSE_HAL_DRIVER -DSTM32F303x8 -IInc -IDrivers/STM32F3xx_HAL_Driver/Inc -IDrivers/STM32F3xx_HAL_Driver/Inc/Legacy -IDrivers/CMSIS/Device/ST/STM32F3xx/Include -IDrivers/CMSIS/Include -O0 -Wall -fdata-sections -ffunction-sections  --specs=rdimon.specs   -g -gdwarf-2 -MMD -MP -MF"build/stm32f3xx_hal_uart.d" -Wa,-a,-ad,-alms=build/stm32f3xx_hal_uart.lst Drivers/STM32F3xx_HAL_Driver/Src/stm32f3xx_hal_uart.c -o build/stm32f3xx_hal_uart.o
arm-none-eabi-gcc -c -mcpu=cortex-m4 -mthumb -mfpu=fpv4-sp-d16 -mfloat-abi=hard -DUSE_HAL_DRIVER -DSTM32F303x8 -IInc -IDrivers/STM32F3xx_HAL_Driver/Inc -IDrivers/STM32F3xx_HAL_Driver/Inc/Legacy -IDrivers/CMSIS/Device/ST/STM32F3xx/Include -IDrivers/CMSIS/Include -O0 -Wall -fdata-sections -ffunction-sections  --specs=rdimon.specs   -g -gdwarf-2 -MMD -MP -MF"build/stm32f3xx_hal_uart_ex.d" -Wa,-a,-ad,-alms=build/stm32f3xx_hal_uart_ex.lst Drivers/STM32F3xx_HAL_Driver/Src/stm32f3xx_hal_uart_ex.c -o build/stm32f3xx_hal_uart_ex.o
arm-none-eabi-gcc -c -mcpu=cortex-m4 -mthumb -mfpu=fpv4-sp-d16 -mfloat-abi=hard -DUSE_HAL_DRIVER -DSTM32F303x8 -IInc -IDrivers/STM32F3xx_HAL_Driver/Inc -IDrivers/STM32F3xx_HAL_Driver/Inc/Legacy -IDrivers/CMSIS/Device/ST/STM32F3xx/Include -IDrivers/CMSIS/Include -O0 -Wall -fdata-sections -ffunction-sections  --specs=rdimon.specs   -g -gdwarf-2 -MMD -MP -MF"build/stm32f3xx_hal.d" -Wa,-a,-ad,-alms=build/stm32f3xx_hal.lst Drivers/STM32F3xx_HAL_Driver/Src/stm32f3xx_hal.c -o build/stm32f3xx_hal.o
arm-none-eabi-gcc -c -mcpu=cortex-m4 -mthumb -mfpu=fpv4-sp-d16 -mfloat-abi=hard -DUSE_HAL_DRIVER -DSTM32F303x8 -IInc -IDrivers/STM32F3xx_HAL_Driver/Inc -IDrivers/STM32F3xx_HAL_Driver/Inc/Legacy -IDrivers/CMSIS/Device/ST/STM32F3xx/Include -IDrivers/CMSIS/Include -O0 -Wall -fdata-sections -ffunction-sections  --specs=rdimon.specs   -g -gdwarf-2 -MMD -MP -MF"build/stm32f3xx_hal_rcc.d" -Wa,-a,-ad,-alms=build/stm32f3xx_hal_rcc.lst Drivers/STM32F3xx_HAL_Driver/Src/stm32f3xx_hal_rcc.c -o build/stm32f3xx_hal_rcc.o
arm-none-eabi-gcc -c -mcpu=cortex-m4 -mthumb -mfpu=fpv4-sp-d16 -mfloat-abi=hard -DUSE_HAL_DRIVER -DSTM32F303x8 -IInc -IDrivers/STM32F3xx_HAL_Driver/Inc -IDrivers/STM32F3xx_HAL_Driver/Inc/Legacy -IDrivers/CMSIS/Device/ST/STM32F3xx/Include -IDrivers/CMSIS/Include -O0 -Wall -fdata-sections -ffunction-sections  --specs=rdimon.specs   -g -gdwarf-2 -MMD -MP -MF"build/stm32f3xx_hal_rcc_ex.d" -Wa,-a,-ad,-alms=build/stm32f3xx_hal_rcc_ex.lst Drivers/STM32F3xx_HAL_Driver/Src/stm32f3xx_hal_rcc_ex.c -o build/stm32f3xx_hal_rcc_ex.o
arm-none-eabi-gcc -c -mcpu=cortex-m4 -mthumb -mfpu=fpv4-sp-d16 -mfloat-abi=hard -DUSE_HAL_DRIVER -DSTM32F303x8 -IInc -IDrivers/STM32F3xx_HAL_Driver/Inc -IDrivers/STM32F3xx_HAL_Driver/Inc/Legacy -IDrivers/CMSIS/Device/ST/STM32F3xx/Include -IDrivers/CMSIS/Include -O0 -Wall -fdata-sections -ffunction-sections  --specs=rdimon.specs   -g -gdwarf-2 -MMD -MP -MF"build/stm32f3xx_hal_gpio.d" -Wa,-a,-ad,-alms=build/stm32f3xx_hal_gpio.lst Drivers/STM32F3xx_HAL_Driver/Src/stm32f3xx_hal_gpio.c -o build/stm32f3xx_hal_gpio.o
arm-none-eabi-gcc -c -mcpu=cortex-m4 -mthumb -mfpu=fpv4-sp-d16 -mfloat-abi=hard -DUSE_HAL_DRIVER -DSTM32F303x8 -IInc -IDrivers/STM32F3xx_HAL_Driver/Inc -IDrivers/STM32F3xx_HAL_Driver/Inc/Legacy -IDrivers/CMSIS/Device/ST/STM32F3xx/Include -IDrivers/CMSIS/Include -O0 -Wall -fdata-sections -ffunction-sections  --specs=rdimon.specs   -g -gdwarf-2 -MMD -MP -MF"build/stm32f3xx_hal_dma.d" -Wa,-a,-ad,-alms=build/stm32f3xx_hal_dma.lst Drivers/STM32F3xx_HAL_Driver/Src/stm32f3xx_hal_dma.c -o build/stm32f3xx_hal_dma.o
arm-none-eabi-gcc -c -mcpu=cortex-m4 -mthumb -mfpu=fpv4-sp-d16 -mfloat-abi=hard -DUSE_HAL_DRIVER -DSTM32F303x8 -IInc -IDrivers/STM32F3xx_HAL_Driver/Inc -IDrivers/STM32F3xx_HAL_Driver/Inc/Legacy -IDrivers/CMSIS/Device/ST/STM32F3xx/Include -IDrivers/CMSIS/Include -O0 -Wall -fdata-sections -ffunction-sections  --specs=rdimon.specs   -g -gdwarf-2 -MMD -MP -MF"build/stm32f3xx_hal_cortex.d" -Wa,-a,-ad,-alms=build/stm32f3xx_hal_cortex.lst Drivers/STM32F3xx_HAL_Driver/Src/stm32f3xx_hal_cortex.c -o build/stm32f3xx_hal_cortex.o
arm-none-eabi-gcc -c -mcpu=cortex-m4 -mthumb -mfpu=fpv4-sp-d16 -mfloat-abi=hard -DUSE_HAL_DRIVER -DSTM32F303x8 -IInc -IDrivers/STM32F3xx_HAL_Driver/Inc -IDrivers/STM32F3xx_HAL_Driver/Inc/Legacy -IDrivers/CMSIS/Device/ST/STM32F3xx/Include -IDrivers/CMSIS/Include -O0 -Wall -fdata-sections -ffunction-sections  --specs=rdimon.specs   -g -gdwarf-2 -MMD -MP -MF"build/stm32f3xx_hal_pwr.d" -Wa,-a,-ad,-alms=build/stm32f3xx_hal_pwr.lst Drivers/STM32F3xx_HAL_Driver/Src/stm32f3xx_hal_pwr.c -o build/stm32f3xx_hal_pwr.o
arm-none-eabi-gcc -c -mcpu=cortex-m4 -mthumb -mfpu=fpv4-sp-d16 -mfloat-abi=hard -DUSE_HAL_DRIVER -DSTM32F303x8 -IInc -IDrivers/STM32F3xx_HAL_Driver/Inc -IDrivers/STM32F3xx_HAL_Driver/Inc/Legacy -IDrivers/CMSIS/Device/ST/STM32F3xx/Include -IDrivers/CMSIS/Include -O0 -Wall -fdata-sections -ffunction-sections  --specs=rdimon.specs   -g -gdwarf-2 -MMD -MP -MF"build/stm32f3xx_hal_pwr_ex.d" -Wa,-a,-ad,-alms=build/stm32f3xx_hal_pwr_ex.lst Drivers/STM32F3xx_HAL_Driver/Src/stm32f3xx_hal_pwr_ex.c -o build/stm32f3xx_hal_pwr_ex.o
arm-none-eabi-gcc -c -mcpu=cortex-m4 -mthumb -mfpu=fpv4-sp-d16 -mfloat-abi=hard -DUSE_HAL_DRIVER -DSTM32F303x8 -IInc -IDrivers/STM32F3xx_HAL_Driver/Inc -IDrivers/STM32F3xx_HAL_Driver/Inc/Legacy -IDrivers/CMSIS/Device/ST/STM32F3xx/Include -IDrivers/CMSIS/Include -O0 -Wall -fdata-sections -ffunction-sections  --specs=rdimon.specs   -g -gdwarf-2 -MMD -MP -MF"build/stm32f3xx_hal_flash.d" -Wa,-a,-ad,-alms=build/stm32f3xx_hal_flash.lst Drivers/STM32F3xx_HAL_Driver/Src/stm32f3xx_hal_flash.c -o build/stm32f3xx_hal_flash.o
arm-none-eabi-gcc -c -mcpu=cortex-m4 -mthumb -mfpu=fpv4-sp-d16 -mfloat-abi=hard -DUSE_HAL_DRIVER -DSTM32F303x8 -IInc -IDrivers/STM32F3xx_HAL_Driver/Inc -IDrivers/STM32F3xx_HAL_Driver/Inc/Legacy -IDrivers/CMSIS/Device/ST/STM32F3xx/Include -IDrivers/CMSIS/Include -O0 -Wall -fdata-sections -ffunction-sections  --specs=rdimon.specs   -g -gdwarf-2 -MMD -MP -MF"build/stm32f3xx_hal_flash_ex.d" -Wa,-a,-ad,-alms=build/stm32f3xx_hal_flash_ex.lst Drivers/STM32F3xx_HAL_Driver/Src/stm32f3xx_hal_flash_ex.c -o build/stm32f3xx_hal_flash_ex.o
arm-none-eabi-gcc -c -mcpu=cortex-m4 -mthumb -mfpu=fpv4-sp-d16 -mfloat-abi=hard -DUSE_HAL_DRIVER -DSTM32F303x8 -IInc -IDrivers/STM32F3xx_HAL_Driver/Inc -IDrivers/STM32F3xx_HAL_Driver/Inc/Legacy -IDrivers/CMSIS/Device/ST/STM32F3xx/Include -IDrivers/CMSIS/Include -O0 -Wall -fdata-sections -ffunction-sections  --specs=rdimon.specs   -g -gdwarf-2 -MMD -MP -MF"build/stm32f3xx_hal_i2c.d" -Wa,-a,-ad,-alms=build/stm32f3xx_hal_i2c.lst Drivers/STM32F3xx_HAL_Driver/Src/stm32f3xx_hal_i2c.c -o build/stm32f3xx_hal_i2c.o
arm-none-eabi-gcc -c -mcpu=cortex-m4 -mthumb -mfpu=fpv4-sp-d16 -mfloat-abi=hard -DUSE_HAL_DRIVER -DSTM32F303x8 -IInc -IDrivers/STM32F3xx_HAL_Driver/Inc -IDrivers/STM32F3xx_HAL_Driver/Inc/Legacy -IDrivers/CMSIS/Device/ST/STM32F3xx/Include -IDrivers/CMSIS/Include -O0 -Wall -fdata-sections -ffunction-sections  --specs=rdimon.specs   -g -gdwarf-2 -MMD -MP -MF"build/stm32f3xx_hal_i2c_ex.d" -Wa,-a,-ad,-alms=build/stm32f3xx_hal_i2c_ex.lst Drivers/STM32F3xx_HAL_Driver/Src/stm32f3xx_hal_i2c_ex.c -o build/stm32f3xx_hal_i2c_ex.o
arm-none-eabi-gcc -c -mcpu=cortex-m4 -mthumb -mfpu=fpv4-sp-d16 -mfloat-abi=hard -DUSE_HAL_DRIVER -DSTM32F303x8 -IInc -IDrivers/STM32F3xx_HAL_Driver/Inc -IDrivers/STM32F3xx_HAL_Driver/Inc/Legacy -IDrivers/CMSIS/Device/ST/STM32F3xx/Include -IDrivers/CMSIS/Include -O0 -Wall -fdata-sections -ffunction-sections  --specs=rdimon.specs   -g -gdwarf-2 -MMD -MP -MF"build/stm32f3xx_hal_exti.d" -Wa,-a,-ad,-alms=build/stm32f3xx_hal_exti.lst Drivers/STM32F3xx_HAL_Driver/Src/stm32f3xx_hal_exti.c -o build/stm32f3xx_hal_exti.o
arm-none-eabi-gcc -c -mcpu=cortex-m4 -mthumb -mfpu=fpv4-sp-d16 -mfloat-abi=hard -DUSE_HAL_DRIVER -DSTM32F303x8 -IInc -IDrivers/STM32F3xx_HAL_Driver/Inc -IDrivers/STM32F3xx_HAL_Driver/Inc/Legacy -IDrivers/CMSIS/Device/ST/STM32F3xx/Include -IDrivers/CMSIS/Include -O0 -Wall -fdata-sections -ffunction-sections  --specs=rdimon.specs   -g -gdwarf-2 -MMD -MP -MF"build/system_stm32f3xx.d" -Wa,-a,-ad,-alms=build/system_stm32f3xx.lst Src/system_stm32f3xx.c -o build/system_stm32f3xx.o
arm-none-eabi-gcc -x assembler-with-cpp -c -mcpu=cortex-m4 -mthumb -mfpu=fpv4-sp-d16 -mfloat-abi=hard -DUSE_HAL_DRIVER -DSTM32F303x8 -IInc -IDrivers/STM32F3xx_HAL_Driver/Inc -IDrivers/STM32F3xx_HAL_Driver/Inc/Legacy -IDrivers/CMSIS/Device/ST/STM32F3xx/Include -IDrivers/CMSIS/Include -O0 -Wall -fdata-sections -ffunction-sections  --specs=rdimon.specs   -g -gdwarf-2 -MMD -MP -MF"build/startup_stm32f303x8.d" startup_stm32f303x8.s -o build/startup_stm32f303x8.o
arm-none-eabi-gcc build/main.o build/stm32f3xx_it.o build/stm32f3xx_hal_msp.o build/stm32f3xx_hal_tim.o build/stm32f3xx_hal_tim_ex.o build/stm32f3xx_hal_uart.o build/stm32f3xx_hal_uart_ex.o build/stm32f3xx_hal.o build/stm32f3xx_hal_rcc.o build/stm32f3xx_hal_rcc_ex.o build/stm32f3xx_hal_gpio.o build/stm32f3xx_hal_dma.o build/stm32f3xx_hal_cortex.o build/stm32f3xx_hal_pwr.o build/stm32f3xx_hal_pwr_ex.o build/stm32f3xx_hal_flash.o build/stm32f3xx_hal_flash_ex.o build/stm32f3xx_hal_i2c.o build/stm32f3xx_hal_i2c_ex.o build/stm32f3xx_hal_exti.o build/system_stm32f3xx.o build/startup_stm32f303x8.o -mcpu=cortex-m4 -mthumb -mfpu=fpv4-sp-d16 -mfloat-abi=hard  -lrdimon -lc -TSTM32F303K8Tx_FLASH.ld  -lc -lm -lnosys  -Wl,-Map=build/nucleo303.map,--cref -Wl,--gc-sections -o build/nucleo303.elf
arm-none-eabi-size build/nucleo303.elf
   text	   data	    bss	    dec	    hex	filename
  29944	   2500	   1768	  34212	   85a4	build/nucleo303.elf
arm-none-eabi-objcopy -O ihex build/nucleo303.elf build/nucleo303.hex
arm-none-eabi-objcopy -O binary -S build/nucleo303.elf build/nucleo303.bin	
13:20:11 **** Incremental Build of configuration Default for project nucleo303 ****
make all 
make: Nothing to be done for 'all'.
