16:23:22 **** Incremental Build of configuration Default for project nucleo303 ****
make all 
arm-none-eabi-gcc -c -mcpu=cortex-m4 -mthumb -mfpu=fpv4-sp-d16 -mfloat-abi=hard -DUSE_HAL_DRIVER -DSTM32F303x8 -IInc -IDrivers/STM32F3xx_HAL_Driver/Inc -IDrivers/STM32F3xx_HAL_Driver/Inc/Legacy -IDrivers/CMSIS/Device/ST/STM32F3xx/Include -IDrivers/CMSIS/Include -IMiddlewares/Third_Party/FreeRTOS/Source/include -IMiddlewares/Third_Party/FreeRTOS/Source/CMSIS_RTOS_V2 -IMiddlewares/Third_Party/FreeRTOS/Source/portable/GCC/ARM_CM4F -O0 -Wall -fdata-sections -ffunction-sections  --specs=rdimon.specs   -g -gdwarf-2 -MMD -MP -MF"build/main.d" -Wa,-a,-ad,-alms=build/main.lst Src/main.c -o build/main.o
arm-none-eabi-gcc build/main.o build/stm32f3xx_it.o build/stm32f3xx_hal_msp.o build/stm32f3xx_hal_tim.o build/stm32f3xx_hal_tim_ex.o build/stm32f3xx_hal_uart.o build/stm32f3xx_hal_uart_ex.o build/stm32f3xx_hal.o build/stm32f3xx_hal_rcc.o build/stm32f3xx_hal_rcc_ex.o build/stm32f3xx_hal_gpio.o build/stm32f3xx_hal_dma.o build/stm32f3xx_hal_cortex.o build/stm32f3xx_hal_pwr.o build/stm32f3xx_hal_pwr_ex.o build/stm32f3xx_hal_flash.o build/stm32f3xx_hal_flash_ex.o build/stm32f3xx_hal_i2c.o build/stm32f3xx_hal_i2c_ex.o build/stm32f3xx_hal_exti.o build/system_stm32f3xx.o build/freertos.o build/stm32f3xx_hal_timebase_tim.o build/croutine.o build/event_groups.o build/list.o build/queue.o build/stream_buffer.o build/tasks.o build/timers.o build/cmsis_os2.o build/heap_4.o build/port.o build/startup_stm32f303x8.o -mcpu=cortex-m4 -mthumb -mfpu=fpv4-sp-d16 -mfloat-abi=hard  -lrdimon -lc -TSTM32F303K8Tx_FLASH.ld  -lc -lm -lnosys  -Wl,-Map=build/nucleo303.map,--cref -Wl,--gc-sections -o build/nucleo303.elf
arm-none-eabi-size build/nucleo303.elf
   text	   data	    bss	    dec	    hex	filename
  42304	   2508	   8312	  53124	   cf84	build/nucleo303.elf
arm-none-eabi-objcopy -O ihex build/nucleo303.elf build/nucleo303.hex
arm-none-eabi-objcopy -O binary -S build/nucleo303.elf build/nucleo303.bin	

16:23:23 Build Finished. 0 errors, 0 warnings. (took 738ms)

